src/ui/components/common/KpiCard.tsx(1,1): error TS6133: 'React' is declared but its value is never read.
src/ui/components/layouts/HomeHeader/HomeHeader.tsx(3,10): error TS6133: 'Bell' is declared but its value is never read.
src/ui/components/layouts/HomeHeader/HomeHeader.tsx(3,35): error TS6133: 'Search' is declared but its value is never read.
src/ui/components/layouts/HomeHeader/HomeHeader.tsx(4,1): error TS6133: 'avatarImg' is declared but its value is never read.
src/ui/components/layouts/PageLayout.tsx(9,3): error TS6133: 'icon' is declared but its value is never read.
src/ui/constants/sidebar/sidebarItem.ts(2,10): error TS6133: 'Bell' is declared but its value is never read.
src/ui/constants/sidebar/sidebarItem.ts(2,101): error TS6133: 'Truck' is declared but its value is never read.
src/ui/constants/sidebar/sidebarItem.ts(2,108): error TS6133: 'Users' is declared but its value is never read.
src/ui/features/ai-assistant/pages/AIAssistantPage/AIAssistantPage.tsx(8,1): error TS6133: 'ThreadList' is declared but its value is never read.
src/ui/features/ai-assistant/pages/AIAssistantPage/AIAssistantPage.tsx(22,10): error TS6133: 'openMenuThreadId' is declared but its value is never read.
src/ui/features/ai-assistant/pages/AIAssistantPage/AIAssistantPage.tsx(47,9): error TS6133: 'handleNewThread' is declared but its value is never read.
src/ui/features/ai-assistant/pages/AIAssistantPage/AIAssistantPage.tsx(152,9): error TS6133: 'handleRename' is declared but its value is never read.
src/ui/features/ai-assistant/pages/AIAssistantPage/AIAssistantPage.tsx(159,9): error TS6133: 'handleDelete' is declared but its value is never read.
src/ui/features/dashboard/pages/DashboardPage/ChartContainer/ChartContainer.tsx(14,42): error TS6133: 'dateRange' is declared but its value is never read.
src/ui/features/dashboard/pages/DashboardPage/ChartContainer/RevenueChart.tsx(2,1): error TS6133: 'FiMoreVertical' is declared but its value is never read.
src/ui/features/dashboard/pages/DashboardPage/KPICards/KPICard.tsx(1,1): error TS6192: All imports in import declaration are unused.
src/ui/features/dashboard/pages/DashboardPage/PageActions/PageActions.tsx(1,22): error TS6133: 'FiDownload' is declared but its value is never read.
src/ui/features/dashboard/pages/DashboardPage/PageActions/PageActions.tsx(36,9): error TS6133: 'handleExport' is declared but its value is never read.
src/ui/features/dashboard/pages/DashboardPage/TopProducts/ProductItem.tsx(1,34): error TS6133: 'FiArrowUpRight' is declared but its value is never read.
src/ui/features/dashboard/pages/DashboardPage/TopProducts/ProductItem.tsx(1,50): error TS6133: 'FiArrowDownLeft' is declared but its value is never read.
src/ui/features/dashboard/pages/DashboardPage/TopProducts/ProductItem.tsx(1,67): error TS6133: 'FiEye' is declared but its value is never read.
src/ui/features/insights/pages/InsightsPage/index.tsx(9,20): error TS6133: 'FiPackage' is declared but its value is never read.
src/ui/features/insights/pages/InsightsPage/index.tsx(10,15): error TS6133: 'FiTruck' is declared but its value is never read.
src/ui/features/insights/pages/InsightsPage/index.tsx(10,24): error TS6133: 'FiRefreshCw' is declared but its value is never read.
src/ui/features/insights/pages/InsightsPage/index.tsx(10,37): error TS6133: 'FiDollarSign' is declared but its value is never read.
src/ui/features/inventory/pages/InventoryPage/InventoryTable/InventoryTableHeader.tsx(1,30): error TS6133: 'FiDownload' is declared but its value is never read.
src/ui/features/inventory/pages/InventoryPage/InventoryTable/InventoryTableHeader.tsx(44,3): error TS6133: 'onExport' is declared but its value is never read.
src/ui/features/orders/pages/OrdersPage/index.tsx(4,24): error TS6133: 'Plus' is declared but its value is never read.
src/ui/features/orders/pages/OrdersPage/index.tsx(4,100): error TS6133: 'Download' is declared but its value is never read.
src/ui/features/orders/pages/OrdersPage/index.tsx(193,9): error TS6133: 'handleExport' is declared but its value is never read.
src/ui/features/sales/pages/SalesPage/SalesPage.tsx(10,80): error TS6133: 'Legend' is declared but its value is never read.
src/ui/features/suppliers/pages/SuppliersPage/index.tsx(4,52): error TS6133: 'Download' is declared but its value is never read.
src/ui/features/suppliers/pages/SuppliersPage/index.tsx(63,9): error TS6133: 'handleExport' is declared but its value is never read.
src/ui/features/team/pages/UsersPage.tsx(2,20): error TS6133: 'FiDownload' is declared but its value is never read.
